// Jest Snapshot v1, https://goo.gl/fbAQLP

exports[`<IndexPage /> should render the heading 1`] = `
<div
  class="relative w-screen overflow-hidden"
>
  <div
    class="fixed emotion-0"
  >
    <div
      class="h-screen w-screen"
    />
    <img
      alt="background"
      class="select-none"
      data-nimg="fill"
      decoding="async"
      loading="lazy"
      sizes="100vw"
      src="/_next/image?url=%2FSP%2FTop%2Fs11_Top_BG.jpg&w=3840&q=75"
      srcset="/_next/image?url=%2FSP%2FTop%2Fs11_Top_BG.jpg&w=640&q=75 640w, /_next/image?url=%2FSP%2FTop%2Fs11_Top_BG.jpg&w=750&q=75 750w, /_next/image?url=%2FSP%2FTop%2Fs11_Top_BG.jpg&w=828&q=75 828w, /_next/image?url=%2FSP%2FTop%2Fs11_Top_BG.jpg&w=1080&q=75 1080w, /_next/image?url=%2FSP%2FTop%2Fs11_Top_BG.jpg&w=1200&q=75 1200w, /_next/image?url=%2FSP%2FTop%2Fs11_Top_BG.jpg&w=1920&q=75 1920w, /_next/image?url=%2FSP%2FTop%2Fs11_Top_BG.jpg&w=2048&q=75 2048w, /_next/image?url=%2FSP%2FTop%2Fs11_Top_BG.jpg&w=3840&q=75 3840w"
      style="position: absolute; height: 100%; width: 100%; left: 0px; top: 0px; right: 0px; bottom: 0px; object-fit: cover; color: transparent;"
    />
  </div>
  <div
    class=""
  >
    <div
      class="absolute left-[-51.7333333333vw] top-[5.3333333333vw]"
    >
      <div
        class="relative"
        style="width: 140vw; height: 140vw;"
      >
        <img
          alt="zeus"
          class="max-w-none"
          data-nimg="fill"
          decoding="async"
          loading="lazy"
          sizes="100vw"
          src="/_next/image?url=%2FSP%2FTop%2Fs11_Top_KeyVisual_02.png&w=3840&q=75"
          srcset="/_next/image?url=%2FSP%2FTop%2Fs11_Top_KeyVisual_02.png&w=640&q=75 640w, /_next/image?url=%2FSP%2FTop%2Fs11_Top_KeyVisual_02.png&w=750&q=75 750w, /_next/image?url=%2FSP%2FTop%2Fs11_Top_KeyVisual_02.png&w=828&q=75 828w, /_next/image?url=%2FSP%2FTop%2Fs11_Top_KeyVisual_02.png&w=1080&q=75 1080w, /_next/image?url=%2FSP%2FTop%2Fs11_Top_KeyVisual_02.png&w=1200&q=75 1200w, /_next/image?url=%2FSP%2FTop%2Fs11_Top_KeyVisual_02.png&w=1920&q=75 1920w, /_next/image?url=%2FSP%2FTop%2Fs11_Top_KeyVisual_02.png&w=2048&q=75 2048w, /_next/image?url=%2FSP%2FTop%2Fs11_Top_KeyVisual_02.png&w=3840&q=75 3840w"
          style="position: absolute; height: 100%; width: 100%; left: 0px; top: 0px; right: 0px; bottom: 0px; color: transparent;"
        />
      </div>
    </div>
    <div
      class="absolute right-[-62.6666666667vw] top-[15.4666666667vw]"
    >
      <div
        class="relative"
        style="width: 140vw; height: 140vw;"
      >
        <img
          alt="amatelas"
          class="max-w-none"
          data-nimg="fill"
          decoding="async"
          loading="lazy"
          sizes="100vw"
          src="/_next/image?url=%2FSP%2FTop%2Fs11_Top_KeyVisual_01.png&w=3840&q=75"
          srcset="/_next/image?url=%2FSP%2FTop%2Fs11_Top_KeyVisual_01.png&w=640&q=75 640w, /_next/image?url=%2FSP%2FTop%2Fs11_Top_KeyVisual_01.png&w=750&q=75 750w, /_next/image?url=%2FSP%2FTop%2Fs11_Top_KeyVisual_01.png&w=828&q=75 828w, /_next/image?url=%2FSP%2FTop%2Fs11_Top_KeyVisual_01.png&w=1080&q=75 1080w, /_next/image?url=%2FSP%2FTop%2Fs11_Top_KeyVisual_01.png&w=1200&q=75 1200w, /_next/image?url=%2FSP%2FTop%2Fs11_Top_KeyVisual_01.png&w=1920&q=75 1920w, /_next/image?url=%2FSP%2FTop%2Fs11_Top_KeyVisual_01.png&w=2048&q=75 2048w, /_next/image?url=%2FSP%2FTop%2Fs11_Top_KeyVisual_01.png&w=3840&q=75 3840w"
          style="position: absolute; height: 100%; width: 100%; left: 0px; top: 0px; right: 0px; bottom: 0px; color: transparent;"
        />
      </div>
    </div>
  </div>
  <div
    class="fixed emotion-0"
  >
    <div
      class="h-screen w-screen"
    />
    <img
      alt="background"
      class="select-none"
      data-nimg="fill"
      decoding="async"
      loading="lazy"
      sizes="100vw"
      src="/_next/image?url=%2FSP%2FTop%2Fs11_Top_GradOverlay.png&w=3840&q=75"
      srcset="/_next/image?url=%2FSP%2FTop%2Fs11_Top_GradOverlay.png&w=640&q=75 640w, /_next/image?url=%2FSP%2FTop%2Fs11_Top_GradOverlay.png&w=750&q=75 750w, /_next/image?url=%2FSP%2FTop%2Fs11_Top_GradOverlay.png&w=828&q=75 828w, /_next/image?url=%2FSP%2FTop%2Fs11_Top_GradOverlay.png&w=1080&q=75 1080w, /_next/image?url=%2FSP%2FTop%2Fs11_Top_GradOverlay.png&w=1200&q=75 1200w, /_next/image?url=%2FSP%2FTop%2Fs11_Top_GradOverlay.png&w=1920&q=75 1920w, /_next/image?url=%2FSP%2FTop%2Fs11_Top_GradOverlay.png&w=2048&q=75 2048w, /_next/image?url=%2FSP%2FTop%2Fs11_Top_GradOverlay.png&w=3840&q=75 3840w"
      style="position: absolute; height: 100%; width: 100%; left: 0px; top: 0px; right: 0px; bottom: 0px; object-fit: cover; color: transparent;"
    />
  </div>
  <div
    class=""
  >
    <div
      class="grid justify-items-center"
    >
      <div
        class="absolute"
      >
        <img
          alt="音MAD DREAM MATCH -天-"
          data-nimg="1"
          decoding="async"
          height="450"
          loading="lazy"
          src="/_next/image?url=%2FSP%2FTop%2Fs11_Top_Logo.png&w=1920&q=75"
          srcset="/_next/image?url=%2FSP%2FTop%2Fs11_Top_Logo.png&w=750&q=75 1x, /_next/image?url=%2FSP%2FTop%2Fs11_Top_Logo.png&w=1920&q=75 2x"
          style="color: transparent;"
          width="750"
        />
      </div>
      <div
        class="mt-[55.0666666667vw]"
      >
        <div
          class="relative"
          style="width: 44vw; height: 33.33333333333333vw;"
        >
          <img
            alt="2023年 9月17日 開催"
            class="max-w-none"
            data-nimg="fill"
            decoding="async"
            loading="lazy"
            sizes="100vw"
            src="/_next/image?url=%2FSP%2FTop%2Fs11_Top_Text_01_Kaisai.png&w=3840&q=75"
            srcset="/_next/image?url=%2FSP%2FTop%2Fs11_Top_Text_01_Kaisai.png&w=640&q=75 640w, /_next/image?url=%2FSP%2FTop%2Fs11_Top_Text_01_Kaisai.png&w=750&q=75 750w, /_next/image?url=%2FSP%2FTop%2Fs11_Top_Text_01_Kaisai.png&w=828&q=75 828w, /_next/image?url=%2FSP%2FTop%2Fs11_Top_Text_01_Kaisai.png&w=1080&q=75 1080w, /_next/image?url=%2FSP%2FTop%2Fs11_Top_Text_01_Kaisai.png&w=1200&q=75 1200w, /_next/image?url=%2FSP%2FTop%2Fs11_Top_Text_01_Kaisai.png&w=1920&q=75 1920w, /_next/image?url=%2FSP%2FTop%2Fs11_Top_Text_01_Kaisai.png&w=2048&q=75 2048w, /_next/image?url=%2FSP%2FTop%2Fs11_Top_Text_01_Kaisai.png&w=3840&q=75 3840w"
            style="position: absolute; height: 100%; width: 100%; left: 0px; top: 0px; right: 0px; bottom: 0px; color: transparent;"
          />
        </div>
      </div>
    </div>
    <div
      class="top-0 mt-[0.4vw] flex flex-col items-center space-y-[3.2vw]"
    >
      <a
        href="https://www.nicovideo.jp/user/78465303"
        target="_blank"
      >
        <div
          class="relative"
          style="width: 50.66666666666667vw; height: 6.4vw;"
        >
          <img
            alt="ニコニコ動画"
            class="max-w-none"
            data-nimg="fill"
            decoding="async"
            loading="lazy"
            sizes="100vw"
            src="/_next/image?url=%2FSP%2FTop%2Fs11_Top_Button_01_SNS_NicoNico.png&w=3840&q=75"
            srcset="/_next/image?url=%2FSP%2FTop%2Fs11_Top_Button_01_SNS_NicoNico.png&w=640&q=75 640w, /_next/image?url=%2FSP%2FTop%2Fs11_Top_Button_01_SNS_NicoNico.png&w=750&q=75 750w, /_next/image?url=%2FSP%2FTop%2Fs11_Top_Button_01_SNS_NicoNico.png&w=828&q=75 828w, /_next/image?url=%2FSP%2FTop%2Fs11_Top_Button_01_SNS_NicoNico.png&w=1080&q=75 1080w, /_next/image?url=%2FSP%2FTop%2Fs11_Top_Button_01_SNS_NicoNico.png&w=1200&q=75 1200w, /_next/image?url=%2FSP%2FTop%2Fs11_Top_Button_01_SNS_NicoNico.png&w=1920&q=75 1920w, /_next/image?url=%2FSP%2FTop%2Fs11_Top_Button_01_SNS_NicoNico.png&w=2048&q=75 2048w, /_next/image?url=%2FSP%2FTop%2Fs11_Top_Button_01_SNS_NicoNico.png&w=3840&q=75 3840w"
            style="position: absolute; height: 100%; width: 100%; left: 0px; top: 0px; right: 0px; bottom: 0px; color: transparent;"
          />
        </div>
      </a>
      <a
        href="https://www.youtube.com/@otoMDM"
        target="_blank"
      >
        <div
          class="relative"
          style="width: 50.66666666666667vw; height: 6.4vw;"
        >
          <img
            alt="YouTube"
            class="max-w-none"
            data-nimg="fill"
            decoding="async"
            loading="lazy"
            sizes="100vw"
            src="/_next/image?url=%2FSP%2FTop%2Fs11_Top_Button_02_SNS_YouTube.png&w=3840&q=75"
            srcset="/_next/image?url=%2FSP%2FTop%2Fs11_Top_Button_02_SNS_YouTube.png&w=640&q=75 640w, /_next/image?url=%2FSP%2FTop%2Fs11_Top_Button_02_SNS_YouTube.png&w=750&q=75 750w, /_next/image?url=%2FSP%2FTop%2Fs11_Top_Button_02_SNS_YouTube.png&w=828&q=75 828w, /_next/image?url=%2FSP%2FTop%2Fs11_Top_Button_02_SNS_YouTube.png&w=1080&q=75 1080w, /_next/image?url=%2FSP%2FTop%2Fs11_Top_Button_02_SNS_YouTube.png&w=1200&q=75 1200w, /_next/image?url=%2FSP%2FTop%2Fs11_Top_Button_02_SNS_YouTube.png&w=1920&q=75 1920w, /_next/image?url=%2FSP%2FTop%2Fs11_Top_Button_02_SNS_YouTube.png&w=2048&q=75 2048w, /_next/image?url=%2FSP%2FTop%2Fs11_Top_Button_02_SNS_YouTube.png&w=3840&q=75 3840w"
            style="position: absolute; height: 100%; width: 100%; left: 0px; top: 0px; right: 0px; bottom: 0px; color: transparent;"
          />
        </div>
      </a>
      <a
        href="https://twitter.com/otoMDM"
        target="_blank"
      >
        <div
          class="relative"
          style="width: 50.66666666666667vw; height: 6.4vw;"
        >
          <img
            alt="Twitter"
            class="max-w-none"
            data-nimg="fill"
            decoding="async"
            loading="lazy"
            sizes="100vw"
            src="/_next/image?url=%2FSP%2FTop%2Fs11_Top_Button_03_SNS_Twitter.png&w=3840&q=75"
            srcset="/_next/image?url=%2FSP%2FTop%2Fs11_Top_Button_03_SNS_Twitter.png&w=640&q=75 640w, /_next/image?url=%2FSP%2FTop%2Fs11_Top_Button_03_SNS_Twitter.png&w=750&q=75 750w, /_next/image?url=%2FSP%2FTop%2Fs11_Top_Button_03_SNS_Twitter.png&w=828&q=75 828w, /_next/image?url=%2FSP%2FTop%2Fs11_Top_Button_03_SNS_Twitter.png&w=1080&q=75 1080w, /_next/image?url=%2FSP%2FTop%2Fs11_Top_Button_03_SNS_Twitter.png&w=1200&q=75 1200w, /_next/image?url=%2FSP%2FTop%2Fs11_Top_Button_03_SNS_Twitter.png&w=1920&q=75 1920w, /_next/image?url=%2FSP%2FTop%2Fs11_Top_Button_03_SNS_Twitter.png&w=2048&q=75 2048w, /_next/image?url=%2FSP%2FTop%2Fs11_Top_Button_03_SNS_Twitter.png&w=3840&q=75 3840w"
            style="position: absolute; height: 100%; width: 100%; left: 0px; top: 0px; right: 0px; bottom: 0px; color: transparent;"
          />
        </div>
      </a>
    </div>
    <div
      class="mx-[4.2666666666667vw] mt-[14.1333333333vw] grid justify-items-center"
    >
      <div
        class="flex gap-[2.133333333333333vw]"
      >
        <a
          href="/sp/entries"
        >
          <div
            class="relative"
            style="width: 44.666666666666664vw; height: 25.6vw;"
          >
            <img
              alt="出場者"
              class="max-w-none"
              data-nimg="fill"
              decoding="async"
              loading="lazy"
              sizes="100vw"
              src="/_next/image?url=%2FSP%2FTop%2Fs11_Top_Button_11_Concept.png&w=3840&q=75"
              srcset="/_next/image?url=%2FSP%2FTop%2Fs11_Top_Button_11_Concept.png&w=640&q=75 640w, /_next/image?url=%2FSP%2FTop%2Fs11_Top_Button_11_Concept.png&w=750&q=75 750w, /_next/image?url=%2FSP%2FTop%2Fs11_Top_Button_11_Concept.png&w=828&q=75 828w, /_next/image?url=%2FSP%2FTop%2Fs11_Top_Button_11_Concept.png&w=1080&q=75 1080w, /_next/image?url=%2FSP%2FTop%2Fs11_Top_Button_11_Concept.png&w=1200&q=75 1200w, /_next/image?url=%2FSP%2FTop%2Fs11_Top_Button_11_Concept.png&w=1920&q=75 1920w, /_next/image?url=%2FSP%2FTop%2Fs11_Top_Button_11_Concept.png&w=2048&q=75 2048w, /_next/image?url=%2FSP%2FTop%2Fs11_Top_Button_11_Concept.png&w=3840&q=75 3840w"
              style="position: absolute; height: 100%; width: 100%; left: 0px; top: 0px; right: 0px; bottom: 0px; color: transparent;"
            />
          </div>
        </a>
        <a
          href="/sp/pairs"
        >
          <div
            class="relative"
            style="width: 44.666666666666664vw; height: 25.6vw;"
          >
            <img
              alt="コンビ"
              class="max-w-none"
              data-nimg="fill"
              decoding="async"
              loading="lazy"
              sizes="100vw"
              src="/_next/image?url=%2FSP%2FTop%2Fs11_Top_Button_12_Entries.png&w=3840&q=75"
              srcset="/_next/image?url=%2FSP%2FTop%2Fs11_Top_Button_12_Entries.png&w=640&q=75 640w, /_next/image?url=%2FSP%2FTop%2Fs11_Top_Button_12_Entries.png&w=750&q=75 750w, /_next/image?url=%2FSP%2FTop%2Fs11_Top_Button_12_Entries.png&w=828&q=75 828w, /_next/image?url=%2FSP%2FTop%2Fs11_Top_Button_12_Entries.png&w=1080&q=75 1080w, /_next/image?url=%2FSP%2FTop%2Fs11_Top_Button_12_Entries.png&w=1200&q=75 1200w, /_next/image?url=%2FSP%2FTop%2Fs11_Top_Button_12_Entries.png&w=1920&q=75 1920w, /_next/image?url=%2FSP%2FTop%2Fs11_Top_Button_12_Entries.png&w=2048&q=75 2048w, /_next/image?url=%2FSP%2FTop%2Fs11_Top_Button_12_Entries.png&w=3840&q=75 3840w"
              style="position: absolute; height: 100%; width: 100%; left: 0px; top: 0px; right: 0px; bottom: 0px; color: transparent;"
            />
          </div>
        </a>
      </div>
      <div
        class="mt-[2.133333333333333vw] flex gap-[2.133333333333333vw]"
      >
        <a
          href="/sp/about"
        >
          <div
            class="relative"
            style="width: 29.06666666666667vw; height: 17.066666666666666vw;"
          >
            <img
              alt="概要"
              class="max-w-none"
              data-nimg="fill"
              decoding="async"
              loading="lazy"
              sizes="100vw"
              src="/_next/image?url=%2FSP%2FTop%2Fs11_Top_Button_13_Unei.png&w=3840&q=75"
              srcset="/_next/image?url=%2FSP%2FTop%2Fs11_Top_Button_13_Unei.png&w=640&q=75 640w, /_next/image?url=%2FSP%2FTop%2Fs11_Top_Button_13_Unei.png&w=750&q=75 750w, /_next/image?url=%2FSP%2FTop%2Fs11_Top_Button_13_Unei.png&w=828&q=75 828w, /_next/image?url=%2FSP%2FTop%2Fs11_Top_Button_13_Unei.png&w=1080&q=75 1080w, /_next/image?url=%2FSP%2FTop%2Fs11_Top_Button_13_Unei.png&w=1200&q=75 1200w, /_next/image?url=%2FSP%2FTop%2Fs11_Top_Button_13_Unei.png&w=1920&q=75 1920w, /_next/image?url=%2FSP%2FTop%2Fs11_Top_Button_13_Unei.png&w=2048&q=75 2048w, /_next/image?url=%2FSP%2FTop%2Fs11_Top_Button_13_Unei.png&w=3840&q=75 3840w"
              style="position: absolute; height: 100%; width: 100%; left: 0px; top: 0px; right: 0px; bottom: 0px; color: transparent;"
            />
          </div>
        </a>
        <a
          href="/sp/team"
        >
          <div
            class="relative"
            style="width: 29.06666666666667vw; height: 17.066666666666666vw;"
          >
            <img
              alt="チーム"
              class="max-w-none"
              data-nimg="fill"
              decoding="async"
              loading="lazy"
              sizes="100vw"
              src="/_next/image?url=%2FSP%2FTop%2Fs11_Top_Button_14_Movie.png&w=3840&q=75"
              srcset="/_next/image?url=%2FSP%2FTop%2Fs11_Top_Button_14_Movie.png&w=640&q=75 640w, /_next/image?url=%2FSP%2FTop%2Fs11_Top_Button_14_Movie.png&w=750&q=75 750w, /_next/image?url=%2FSP%2FTop%2Fs11_Top_Button_14_Movie.png&w=828&q=75 828w, /_next/image?url=%2FSP%2FTop%2Fs11_Top_Button_14_Movie.png&w=1080&q=75 1080w, /_next/image?url=%2FSP%2FTop%2Fs11_Top_Button_14_Movie.png&w=1200&q=75 1200w, /_next/image?url=%2FSP%2FTop%2Fs11_Top_Button_14_Movie.png&w=1920&q=75 1920w, /_next/image?url=%2FSP%2FTop%2Fs11_Top_Button_14_Movie.png&w=2048&q=75 2048w, /_next/image?url=%2FSP%2FTop%2Fs11_Top_Button_14_Movie.png&w=3840&q=75 3840w"
              style="position: absolute; height: 100%; width: 100%; left: 0px; top: 0px; right: 0px; bottom: 0px; color: transparent;"
            />
          </div>
        </a>
        <a
          href="/sp/movies"
        >
          <div
            class="relative"
            style="width: 29.06666666666667vw; height: 17.066666666666666vw;"
          >
            <img
              alt="ムービー"
              class="max-w-none"
              data-nimg="fill"
              decoding="async"
              loading="lazy"
              sizes="100vw"
              src="/_next/image?url=%2FSP%2FTop%2Fs11_Top_Button_15_Secret.png&w=3840&q=75"
              srcset="/_next/image?url=%2FSP%2FTop%2Fs11_Top_Button_15_Secret.png&w=640&q=75 640w, /_next/image?url=%2FSP%2FTop%2Fs11_Top_Button_15_Secret.png&w=750&q=75 750w, /_next/image?url=%2FSP%2FTop%2Fs11_Top_Button_15_Secret.png&w=828&q=75 828w, /_next/image?url=%2FSP%2FTop%2Fs11_Top_Button_15_Secret.png&w=1080&q=75 1080w, /_next/image?url=%2FSP%2FTop%2Fs11_Top_Button_15_Secret.png&w=1200&q=75 1200w, /_next/image?url=%2FSP%2FTop%2Fs11_Top_Button_15_Secret.png&w=1920&q=75 1920w, /_next/image?url=%2FSP%2FTop%2Fs11_Top_Button_15_Secret.png&w=2048&q=75 2048w, /_next/image?url=%2FSP%2FTop%2Fs11_Top_Button_15_Secret.png&w=3840&q=75 3840w"
              style="position: absolute; height: 100%; width: 100%; left: 0px; top: 0px; right: 0px; bottom: 0px; color: transparent;"
            />
          </div>
        </a>
      </div>
    </div>
  </div>
</div>
`;
