// Jest Snapshot v1, https://goo.gl/fbAQLP

exports[`<Afasdasf /> should render the heading 1`] = `
<h1>
  Afasdasf
</h1>
`;
