// Jest Snapshot v1, https://goo.gl/fbAQLP

exports[`<ResponsiveImage /> should render the heading 1`] = `
.emotion-0 {
  width: 25vw;
  height: 5.46875vw;
  object-fit: cover;
}

@media (min-width: 1920px) {
  .emotion-0 {
    width: 480px;
    height: 105px;
  }
}

<div
  class="relative emotion-0"
>
  <img
    alt="a"
    class="max-w-none"
    data-nimg="fill"
    decoding="async"
    loading="lazy"
    sizes="480px"
    src="/_next/image?url=%2FEntry%2F21_Entry_text_02_shadow.png&w=3840&q=75"
    srcset="/_next/image?url=%2FEntry%2F21_Entry_text_02_shadow.png&w=16&q=75 16w, /_next/image?url=%2FEntry%2F21_Entry_text_02_shadow.png&w=32&q=75 32w, /_next/image?url=%2FEntry%2F21_Entry_text_02_shadow.png&w=48&q=75 48w, /_next/image?url=%2FEntry%2F21_Entry_text_02_shadow.png&w=64&q=75 64w, /_next/image?url=%2FEntry%2F21_Entry_text_02_shadow.png&w=96&q=75 96w, /_next/image?url=%2FEntry%2F21_Entry_text_02_shadow.png&w=128&q=75 128w, /_next/image?url=%2FEntry%2F21_Entry_text_02_shadow.png&w=256&q=75 256w, /_next/image?url=%2FEntry%2F21_Entry_text_02_shadow.png&w=384&q=75 384w, /_next/image?url=%2FEntry%2F21_Entry_text_02_shadow.png&w=640&q=75 640w, /_next/image?url=%2FEntry%2F21_Entry_text_02_shadow.png&w=750&q=75 750w, /_next/image?url=%2FEntry%2F21_Entry_text_02_shadow.png&w=828&q=75 828w, /_next/image?url=%2FEntry%2F21_Entry_text_02_shadow.png&w=1080&q=75 1080w, /_next/image?url=%2FEntry%2F21_Entry_text_02_shadow.png&w=1200&q=75 1200w, /_next/image?url=%2FEntry%2F21_Entry_text_02_shadow.png&w=1920&q=75 1920w, /_next/image?url=%2FEntry%2F21_Entry_text_02_shadow.png&w=2048&q=75 2048w, /_next/image?url=%2FEntry%2F21_Entry_text_02_shadow.png&w=3840&q=75 3840w"
    style="position: absolute; height: 100%; width: 100%; left: 0px; top: 0px; right: 0px; bottom: 0px; color: transparent;"
  />
</div>
`;
